libtool: install: cp ./.libs/plinker.so /home/lozza/php_inbuilt/plinker/ext/modules/plinker.so
libtool: install: cp ./.libs/plinker.lai /home/lozza/php_inbuilt/plinker/ext/modules/plinker.la
libtool: finish: PATH="/usr/local/sbin:/usr/local/bin:/usr/sbin:/usr/bin:/sbin:/bin:/snap/bin:/sbin" ldconfig -n /home/lozza/php_inbuilt/plinker/ext/modules
----------------------------------------------------------------------
Libraries have been installed in:
   /home/lozza/php_inbuilt/plinker/ext/modules

If you ever happen to want to link against installed libraries
in a given directory, LIBDIR, you must either use libtool, and
specify the full pathname of the library, or use the '-LLIBDIR'
flag during linking and do at least one of the following:
   - add LIBDIR to the 'LD_LIBRARY_PATH' environment variable
     during execution
   - add LIBDIR to the 'LD_RUN_PATH' environment variable
     during linking
   - use the '-Wl,-rpath -Wl,LIBDIR' linker flag
   - have your system administrator add LIBDIR to '/etc/ld.so.conf'

See any operating system documentation about shared libraries for
more information, such as the ld(1) and ld.so(8) manual pages.
----------------------------------------------------------------------

Build complete.
Don't forget to run 'make test'.


Build complete.
Don't forget to run 'make test'.

Installing shared extensions:     /usr/lib/php/20151012/
Installing header files:          /usr/include/php/20151012/
